// Jest Snapshot v1, https://goo.gl/fbAQLP

exports[`Textfield renders correctly using Snapshot 1`] = `
<div
  class="mdc-text-field mdc-text-field--outlined mdc-text-field--no-label"
>
  <span
    class="mdc-notched-outline"
  >
    <span
      class="mdc-notched-outline__leading"
    />
    <span
      class="mdc-notched-outline__trailing"
    />
  </span>
  <input
    aria-label="Floating label"
    class="mdc-text-field__input"
    id="application-filter-input"
    placeholder="Floating label"
    type="search"
    value=""
  />
</div>
`;
