// Jest Snapshot v1, https://goo.gl/fbAQLP

exports[`Tooltip Renders a tooltip 1`] = `
<div
  class="tooltip-container"
>
  <a
    data-tooltip-delay-hide="50"
    data-tooltip-place="bottom"
    href="#"
    id="tooltiptest-tooltip"
  >
    <button>
      click me
    </button>
  </a>
</div>
`;
