// Jest Snapshot v1, https://goo.gl/fbAQLP

exports[`Textfield renders correctly using Snapshot 1`] = `
<div
  class="mdc-text-field mdc-text-field--outlined"
>
  <span
    class="mdc-notched-outline mdc-notched-outline--upgraded"
  >
    <span
      class="mdc-notched-outline__leading"
    />
    <span
      class="mdc-notched-outline__notch"
    >
      <span
        class="mdc-floating-label"
        style="transition-duration: 0s;"
      >
        Floating label
      </span>
    </span>
    <span
      class="mdc-notched-outline__trailing"
    />
  </span>
  <input
    aria-label="Floating label"
    class="mdc-text-field__input"
    type="text"
    value=""
  />
</div>
`;
